// Jest Snapshot v1, https://goo.gl/fbAQLP

exports[`matches snapshot... 1`] = `
<DocumentFragment>
  <h1>
    Lets play lights-out
  </h1>
  <table
    class="Board"
  >
    <tbody>
      <tr>
        <td
          class="Cell "
        />
        <td
          class="Cell "
        />
        <td
          class="Cell "
        />
      </tr>
      <tr>
        <td
          class="Cell Cell-lit"
        />
        <td
          class="Cell Cell-lit"
        />
        <td
          class="Cell "
        />
      </tr>
      <tr>
        <td
          class="Cell "
        />
        <td
          class="Cell "
        />
        <td
          class="Cell "
        />
      </tr>
    </tbody>
  </table>
</DocumentFragment>
`;
